pkgmove plan: example.com/fx/hub -> example.com/fx/hub/sub (package sub)

Files (1):
  git mv hub/move.go hub/sub/move.go

Renames (1):
  type   secret -> Secret  (hub/move.go:6)

Alias entries (3):
  var   NewSecret = sub.NewSecret
  type  Token = sub.Token
  type  secret = sub.Secret

Alias files (1):
  hub/zz_alias_sub.go (18 lines)

Reference rewrites in remaining files (vars and func values) (0):

Remaining source files edited (0):

pkgmove safety report: example.com/fx/hub -> example.com/fx/hub/sub
Files moved: 1. Findings: 7. Errors: 0.

Why this matters: a moved package is initialised before the package that
imports it, so init() functions and package-level var initialisers in the moved
files now run before every initialiser of the source package. Review each
ERROR/HIGH/WARN item below before merging.

== HIGH: gob registration of a moved type ==
  hub/stay.go:9: gob.Register registers Token, whose gob name embeds the package path; encoded data and peers on the old name break
  hub/stay.go:10: gob.Register registers Token, whose gob name embeds the package path; encoded data and peers on the old name break

== WARN: func name seen through its value changes (runtime.FuncForPC, stack traces) ==
  hub/move.go:9: example.com/fx/hub.NewSecret is now example.com/fx/hub/sub.NewSecret for runtime.FuncForPC(reflect.ValueOf(f).Pointer()).Name() and panic traces

== WARN: gob registration of a moved type ==
  hub/stay.go:11: gob.RegisterName registers secret under a fixed wire name (unchanged), but type identity checks and %T output now use package sub

== WARN: reflect-visible type name changes (all users, not only moved files) ==
  hub/move.go:4: hub.Token becomes sub.Token for %T, reflect Type.String/PkgPath, gob names and messages that print type names (the alias keeps identity, not the name)
  hub/move.go:6: hub.secret becomes sub.Secret for %T, reflect Type.String/PkgPath, gob names and messages that print type names (the alias keeps identity, not the name)

== WARN: runtime type/function names change package qualifier ==
  hub/move.go: uses %T: names of moved types and functions now print as sub.X instead of hub.X

safety report written to hub/zz_alias_sub_safety.txt

sanity: go list example.com/fx/hub example.com/fx/hub/sub
sanity: go list OK
sanity: type-checking both packages (with in-package tests)
sanity: type-check OK
