pkgmove plan: example.com/fx/hub -> example.com/fx/hub/sub (package sub, test-only move into the existing package)

Files (3):
  git mv hub/policy_a_test.go hub/sub/policy_a_test.go
  git mv hub/policy_c_test.go hub/sub/policy_c_test.go
  git mv hub/policy_d_test.go hub/sub/policy_d_test.go

Renames (0):

Alias entries (0):

Alias files (0):

Reference rewrites in remaining files (vars and func values) (0):

Staying helpers reused from the target (1):
  hub/policy_a_test.go:12: const testAction, declared in the staying policy_helpers_test.go: the target's equivalent declaration at hub/sub/helpers_test.go:11 is used

Moved declarations dropped (equivalent to the target's) (1):
  hub/policy_a_test.go:12: func describe (the target already declares an equivalent one at hub/sub/helpers_test.go:13)

Remaining source files edited (0):

ERRORS (5) - the move cannot be generated; see the safety report below.

pkgmove safety report: example.com/fx/hub -> example.com/fx/hub/sub
Files moved: 3. Findings: 1. Errors: 5.

Why this matters: a moved package is initialised before the package that
imports it, so init() functions and package-level var initialisers in the moved
files now run before every initialiser of the source package. Review each
ERROR/HIGH/WARN item below before merging.

== ERRORS (the move was not generated) ==
  - hub/policy_a_test.go:14: moved func TestDecide collides with the existing func TestDecide at hub/sub/helpers_test.go:15 (the declarations are not equivalent) - rename one of them first
  - hub/policy_a_test.go:15: moved test file uses func mkPolicy declared in the staying test file policy_helpers_test.go; the move would separate the test from its helper - move policy_helpers_test.go too, or give the target an equivalent func or const first (it is then reused)
  - hub/policy_c_test.go:12: view resolves to example.com/fx/consumer.View, but example.com/fx/consumer imports example.com/fx/hub/sub, so the moved test would create an import cycle - move it as an external test (package hub_test) or keep it
  - hub/policy_c_test.go:6: the moved in-package test imports example.com/fx/consumer, which imports example.com/fx/hub/sub - the move would create an import cycle; move it as an external test (package hub_test) or keep it
  - hub/policy_d_test.go:9: newPolicy (an alias of example.com/fx/hub/sub.NewPolicy) would become the bare name NewPolicy, which a local declaration shadows here - rename the local first

== INFO: TestMain separation (the target's TestMain is equivalent) ==
  hub/sub/main_test.go:10: the TestMain of sub is equivalent to the TestMain of hub (hub/main_test.go:10)
